error[E0277]: the trait bound `SevenModEight: TotalSizeIsMultipleOfEightBits` is not satisfied
  --> $DIR/04-multiple-of-8bits.rs:53:1
   |
53 | #[bitfield]
   | ^^^^^^^^^^^ the trait `TotalSizeIsMultipleOfEightBits` is not implemented for `SevenModEight`
   |
   = note: this error originates in an attribute macro (in Nightly builds, run with -Z macro-backtrace for more info)
